h2	help2 : xmlhelp transex3 NULL
h2	help2                                           usr1  - all help2_mkout NULL
h2	help2\prj                                       get   - all help2_prj NULL

h2	help2\source\text\sbasic\guide                  nmake - all help2_sbas_guid NULL
h2	help2\source\text\sbasic\shared                 nmake - all help2_sbas_shar NULL
h2	help2\source\text\sbasic\shared\01              nmake - all help2_sbas_shar_01 NULL
h2	help2\source\text\sbasic\shared\02              nmake - all help2_sbas_shar_02 NULL

h2	help2\source\text\scalc                         nmake - all help2_scal NULL
h2	help2\source\text\scalc\00                      nmake - all help2_scal_00 NULL
h2	help2\source\text\scalc\01                      nmake - all help2_scal_01 NULL
h2	help2\source\text\scalc\02                      nmake - all help2_scal_02 NULL
h2	help2\source\text\scalc\04                      nmake - all help2_scal_04 NULL
h2	help2\source\text\scalc\05                      nmake - all help2_scal_05 NULL
h2	help2\source\text\scalc\guide                   nmake - all help2_scal_guid NULL

h2	help2\source\text\schart                        nmake - all help2_scha NULL
h2	help2\source\text\schart\00                     nmake - all help2_scha_00 NULL
h2	help2\source\text\schart\01                     nmake - all help2_scha_01 NULL
h2	help2\source\text\schart\02                     nmake - all help2_scha_02 NULL
h2	help2\source\text\schart\04                     nmake - all help2_scha_04 NULL

h2	help2\source\text\sdraw                         nmake - all help2_sdra NULL
h2	help2\source\text\sdraw\00                      nmake - all help2_sdra_00 NULL
h2	help2\source\text\sdraw\01                      nmake - all help2_sdra_01 NULL
h2	help2\source\text\sdraw\04                      nmake - all help2_sdra_04 NULL
h2	help2\source\text\sdraw\guide                   nmake - all help2_sdra_guid NULL

h2	help2\source\text\shared                        nmake - all help2_shar NULL
h2	help2\source\text\shared\00                     nmake - all help2_shar_00 NULL
h2	help2\source\text\shared\01                     nmake - all help2_shar_01 NULL
h2	help2\source\text\shared\02                     nmake - all help2_shar_02 NULL
h2	help2\source\text\shared\04                     nmake - all help2_shar_04 NULL
h2	help2\source\text\shared\05                     nmake - all help2_shar_05 NULL
h2	help2\source\text\shared\07                     nmake - all help2_shar_07 NULL
h2	help2\source\text\shared\autokorr               nmake - all help2_shar_auko NULL
h2	help2\source\text\shared\autopi                 nmake - all help2_shar_aupi NULL
h2	help2\source\text\shared\explorer\database      nmake - all help2_shar_expl_data NULL
h2	help2\source\text\shared\guide                  nmake - all help2_shar_guid NULL
h2	help2\source\text\shared\optionen               nmake - all help2_shar_opti NULL

h2	help2\source\text\simpress                      nmake - all help2_simp NULL
h2	help2\source\text\simpress\00                   nmake - all help2_simp_00 NULL
h2	help2\source\text\simpress\01                   nmake - all help2_simp_01 NULL
h2	help2\source\text\simpress\02                   nmake - all help2_simp_02 NULL
h2	help2\source\text\simpress\04                   nmake - all help2_simp_04 NULL
h2	help2\source\text\simpress\guide                nmake - all help2_simp_guid NULL

h2	help2\source\text\smath                         nmake - all help2_smat NULL
h2	help2\source\text\smath\00                      nmake - all help2_smat_00 NULL
h2	help2\source\text\smath\01                      nmake - all help2_smat_01 NULL
h2	help2\source\text\smath\02                      nmake - all help2_smat_02 NULL
h2	help2\source\text\smath\04                      nmake - all help2_smat_04 NULL
h2	help2\source\text\smath\guide                   nmake - all help2_smat_guid NULL

h2	help2\source\text\swriter                       nmake - all help2_swri NULL
h2	help2\source\text\swriter\00                    nmake - all help2_swri_00 NULL
h2	help2\source\text\swriter\01                    nmake - all help2_swri_01 NULL
h2	help2\source\text\swriter\02                    nmake - all help2_swri_02 NULL
h2	help2\source\text\swriter\04                    nmake - all help2_swri_04 NULL
h2	help2\source\text\swriter\guide                 nmake - all help2_swri_guid NULL

h2	help2\util\sbasic                               nmake - all help2_ut_sbas help2_shar help2_shar_00 help2_shar_01 help2_shar_02 help2_shar_04 help2_shar_05 help2_shar_07 help2_shar_auko help2_shar_aupi help2_shar_expl_data help2_shar_guid help2_shar_opti help2_sbas_guid help2_sbas_shar help2_sbas_shar_01 help2_sbas_shar_02 NULL
h2	help2\util\schart                               nmake - all help2_ut_scha help2_scha help2_scha_00 help2_scha_01 help2_scha_02 help2_scha_04 NULL
h2	help2\util\scalc                                nmake - all help2_ut_scal help2_scal help2_scal_00 help2_scal_01 help2_scal_02 help2_scal_04 help2_scal_05 help2_scal_guid help2_scha help2_scha_00 help2_scha_01 help2_scha_02 help2_scha_04 help2_shar help2_shar_00 help2_shar_01 help2_shar_02 help2_shar_04 help2_shar_05 help2_shar_07 help2_shar_auko help2_shar_aupi help2_shar_expl_data help2_shar_guid help2_shar_opti NULL
h2	help2\util\sdraw                                nmake - all help2_ut_sdra help2_simp help2_simp_00 help2_simp_01 help2_simp_02 help2_simp_04 help2_simp_guid help2_sdra help2_sdra_00 help2_sdra_01 help2_sdra_04 help2_sdra_guid help2_scha help2_scha_00 help2_scha_01 help2_scha_02 help2_scha_04 help2_shar help2_shar_00 help2_shar_01 help2_shar_02 help2_shar_04 help2_shar_05 help2_shar_07 help2_shar_auko help2_shar_aupi help2_shar_expl_data help2_shar_guid help2_shar_opti NULL
h2	help2\util\shared                               nmake - all help2_ut_shar help2_shar help2_shar_00 help2_shar_01 help2_shar_02 help2_shar_04 help2_shar_05 help2_shar_07 help2_shar_auko help2_shar_aupi help2_shar_expl_data help2_shar_guid help2_shar_opti NULL
h2	help2\util\simpress                             nmake - all help2_ut_simp help2_simp help2_simp_00 help2_simp_01 help2_simp_02 help2_simp_04 help2_simp_guid help2_sdra help2_sdra_00 help2_sdra_01 help2_sdra_04 help2_sdra_guid help2_scha help2_scha_00 help2_scha_01 help2_scha_02 help2_scha_04 help2_shar help2_shar_00 help2_shar_01 help2_shar_02 help2_shar_04 help2_shar_05 help2_shar_07 help2_shar_auko help2_shar_aupi help2_shar_expl_data help2_shar_guid help2_shar_opti NULL
h2	help2\util\smath                                nmake - all help2_ut_smat help2_shar help2_shar_00 help2_shar_01 help2_shar_02 help2_shar_04 help2_shar_05 help2_shar_07 help2_shar_auko help2_shar_aupi help2_shar_expl_data help2_shar_guid help2_shar_opti help2_smat help2_smat_00 help2_smat_01 help2_smat_02 help2_smat_04 help2_smat_guid NULL
h2	help2\util\swriter                              nmake - all help2_ut_swri help2_shar help2_shar_00 help2_shar_01 help2_shar_02 help2_shar_04 help2_shar_05 help2_shar_07 help2_shar_auko help2_shar_aupi help2_shar_expl_data help2_shar_guid help2_shar_opti help2_scha help2_scha_00 help2_scha_01 help2_scha_02 help2_scha_04 help2_swri help2_swri_00 help2_swri_01 help2_swri_02 help2_swri_04 help2_swri_guid NULL
